// Jest Snapshot v1, https://goo.gl/fbAQLP

exports[`test background color of active state 1`] = `"black"`;

exports[`test the state of the item 1`] = `"black"`;
